this is test log 1!!!
